<?xml version="1.0" encoding="UTF-8"?>
<TestRun id="0a4e4fe0-3d31-4983-94c3-f4139c3633f2" name="Nilesh@NILESH-PC 2011-07-27 22:48:10" runUser="Nilesh-PC\Nilesh" xmlns="http://microsoft.com/schemas/VisualStudio/TeamTest/2010">
  <TestSettings name="Local" id="c60e287d-ecae-438c-a007-4c4ca8f39aea">
    <Description>These are default test settings for a local test run.</Description>
    <Deployment enabled="false" runDeploymentRoot="Nilesh_NILESH-PC 2011-07-27 22_48_10">
      <DeploymentItem filename="E:\Nilesh\Projects\CSharp3DesignPatterns\DecoratorDesignPattern\bin\Debug\DecoratorDesignPattern.dll" />
    </Deployment>
    <Execution>
      <TestTypeSpecific />
      <AgentRule name="Execution Agents">
      </AgentRule>
    </Execution>
  </TestSettings>
  <Times creation="2011-07-27T22:48:10.8614136+08:00" queuing="2011-07-27T22:48:10.9334177+08:00" start="2011-07-27T22:48:10.9424182+08:00" finish="2011-07-27T22:48:11.3784432+08:00" />
  <ResultSummary outcome="Completed">
    <Counters total="1" executed="1" passed="1" error="0" failed="0" timeout="0" aborted="0" inconclusive="0" passedButRunAborted="0" notRunnable="0" notExecuted="0" disconnected="0" warning="0" completed="0" inProgress="0" pending="0" />
  </ResultSummary>
  <TestDefinitions>
    <UnitTest name="DrawTest" storage="e:\nilesh\projects\csharp3designpatterns\decoratordesignpatterntests\bin\debug\decoratordesignpatterntests.dll" id="45ac0913-0633-573e-cd28-c545d8ec67fc">
      <Execution id="efccd172-fa90-458a-a1e7-91e02afae271" />
      <TestMethod codeBase="E:/Nilesh/Projects/CSharp3DesignPatterns/DecoratorDesignPatternTests/bin/Debug/DecoratorDesignPatternTests.DLL" adapterTypeName="Microsoft.VisualStudio.TestTools.TestTypes.Unit.UnitTestAdapter, Microsoft.VisualStudio.QualityTools.Tips.UnitTest.Adapter, Version=10.0.0.0, Culture=neutral, PublicKeyToken=b03f5f7f11d50a3a" className="DecoratorDesignPatternTests.TaggedPhotoTest, DecoratorDesignPatternTests, Version=1.0.0.0, Culture=neutral, PublicKeyToken=null" name="DrawTest" />
    </UnitTest>
  </TestDefinitions>
  <TestLists>
    <TestList name="Results Not in a List" id="8c84fa94-04c1-424b-9868-57a2d4851a1d" />
    <TestList name="All Loaded Results" id="19431567-8539-422a-85d7-44ee4e166bda" />
  </TestLists>
  <TestEntries>
    <TestEntry testId="45ac0913-0633-573e-cd28-c545d8ec67fc" executionId="efccd172-fa90-458a-a1e7-91e02afae271" testListId="8c84fa94-04c1-424b-9868-57a2d4851a1d" />
  </TestEntries>
  <Results>
    <UnitTestResult executionId="efccd172-fa90-458a-a1e7-91e02afae271" testId="45ac0913-0633-573e-cd28-c545d8ec67fc" testName="DrawTest" computerName="NILESH-PC" duration="00:00:00.0268324" startTime="2011-07-27T22:48:10.9504187+08:00" endTime="2011-07-27T22:48:11.3564419+08:00" testType="13cdc9d9-ddb5-4fa4-a97d-d965ccfc6d4b" outcome="Passed" testListId="8c84fa94-04c1-424b-9868-57a2d4851a1d" relativeResultsDirectory="efccd172-fa90-458a-a1e7-91e02afae271">
      <Output>
        <StdOut>Photo name : base photo
Tags for photo 
Singapore</StdOut>
      </Output>
    </UnitTestResult>
  </Results>
</TestRun>